Starting a Gradle Daemon, 3 incompatible and 1 stopped Daemons could not be reused, use --status for details
[Incubating] Problems report is available at: file:///C:/laragon/www/koperasi-polres/build/reports/problems/problems-report.html
.\gradlew.bat : 
At line:1 char:1
+ .\gradlew.bat assembleRelease 
> gradle_build.log 2>&1
+ ~~~~~~~~~~~~~~~~~~~~~~~~~~~~~~
~~~~~~~~~~~~~~~~~~~~~~~
    + CategoryInfo          : N 
   otSpecified: (:String) [],   
  RemoteException
    + FullyQualifiedErrorId : N 
   ativeCommandError
 
FAILURE: Build failed with an 
exception.

* What went wrong:
Could not determine the 
dependencies of task 
':app:minifyReleaseWithR8'.
> SDK location not found. 
Define a valid SDK location 
with an ANDROID_HOME 
environment variable or by 
setting the sdk.dir path in 
your project's local properties 
file at 'C:\laragon\www\koperasi
-polres\local.properties'.

* Try:
> Run with --stacktrace option 
to get the stack trace.
> Run with --info or --debug 
option to get more log output.
> Run with --scan to get full 
insights.
> Get more help at 
https://help.gradle.org.

Deprecated Gradle features were used in this build, making it incompatible with Gradle 9.0.

You can use '--warning-mode all' to show the individual deprecation warnings and determine if they come from your own scripts or plugins.

For more on this, please refer to https://docs.gradle.org/8.11.1/userguide/command_line_interface.html#sec:command_line_warnings in the Gradle documentation.

BUILD FAILED in 14s
